<html>
<body>
<pre>
<h1>µVision Build Log</h1>
<h2>Project:</h2>
C:\Users\student\Desktop\PPSW\example.uvproj
Project File Date:  04/16/2025

<h2>Output:</h2>
Build target 'Target 1'
assembling Startup.s...
compiling main.c...
main.c(12): warning:  #111-D: statement is unreachable
linking...
Program Size: Code=440 RO-data=16 RW-data=0 ZI-data=1256  
".\example.axf" - 0 Errors, 1 Warning(s).
Build target 'Target 1'
compiling main.c...
main.c(12): warning:  #111-D: statement is unreachable
linking...
Program Size: Code=440 RO-data=16 RW-data=0 ZI-data=1256  
".\example.axf" - 0 Errors, 1 Warning(s).
